<html>
  <head>
    
    <title>Pentaho BI Platform</title>    
    
    <META HTTP-EQUIV="refresh" CONTENT="0;URL=./Home">
  </head>
  <body>
  </body>
</html>

