<html>
   <head>
      <meta http-equiv="Content-Type" content="text/html; charset=UTF-8">
      <link rel="stylesheet" type="text/css" href="/pentaho-style/pentaho.css">
      <title>02. BILLING STATEMENTS</title><script type="text/javascript">

          function dynExec(funcName, formName, objectName) {
            var func = funcName + formName + "('" + objectName + "');";
            var rtn = false;
            try {
              rtn = eval(func);
            } catch (ignored) {
              rtn = false;
            }
            return rtn;
          }

          function setXFormsValue(formName, objectName) {
            // Will cause invoke of setXFormsValueformname(object);
            return dynExec("setXFormsValue", formName, objectName);
          }
          function activate(formName, objectName) {
            // Will cause invoke of activateformname(object);
            return dynExec("activate", formName, objectName);
          }
          function upload(formName, objectName) {
            // Will cause invoke of uploadformname(object);
            return dynExec("upload", formName, objectName);
          }
		function getCurrentUrlParms() {
		  var rtn = "";
		  var windHref = window.location.href;
		  if (windHref.indexOf("?")>1) {
			var qryStr = windHref.substr(windHref.indexOf("?"));
			var parms  = qryStr.split("&");
			for (var i=1; i < parms.length; i++) {
			  var thisParm = parms[i].split("=");
			  if ( (thisParm[0] != "solution") &&
				   (thisParm[0] != "path") &&
				   (thisParm[0] != "action") ) {
				// need to add this one to the parameters...
				rtn += "&" + parms[i];
			  } 
			}
		  }
		  return rtn;
		}
          </script>
      			
      			<script>
      			  var urlinvoice=unescape('http://localhost:8080/pentaho/ViewAction?');
      			  var target=unescape('');
      			  function doForminvoice( background ) {
      			    var submitUrl = urlinvoice;
      				//var curParms = getCurrentUrlParms();
      				//submitUrl += curParms;
      				
      			    var form = document.forms['forminvoice'];
      			    var elements = form.elements;
      			    var i;
      			    var amp;
      			    if (submitUrl.indexOf("?") != -1) {	    	
      			    	if ((submitUrl.lastIndexOf("?") == (submitUrl.length-1)) || (submitUrl.lastIndexOf('&') == (submitUrl.length-1)))
      {
      			    		amp = "";
      			    	} else {
      			    		amp = '&';
      			    	}
      			    } else {
      			    	amp = "?";
      			    }
      			    
      			    for( i=0; i<elements.length; i++ ) {
      			      if( elements[i].type == 'select-one' || elements[i].type == 'text' || elements[i].type == 'hidden') {
      			        submitUrl += amp + elements[ i ].name + '=' + escape( elements[ i ].value );
      				      amp = '&';
      			      } else if( elements[i].type == 'radio' ) {
      			      	if( elements[i].checked ) {
      			          submitUrl += amp + elements[ i ].name + '=' + escape( elements[ i ].value );
      				      amp = '&';
      			      	}
      			      } else if( elements[i].type == 'checkbox' ) {
      			      	if( elements[i].checked ) {
      				      submitUrl += amp + elements[i].name + "=" + escape( elements[i].value );
      				      amp = '&';
      			      	}
      			      } else if( elements[i].type == 'select-multiple' ) {
      				    var options = elements[i].options;
      				    var j;
      				    for( j=0; j!=options.length; j++ ) {
      				      if( options[j].selected ) {
      	  			        submitUrl += amp + elements[i].name + '=' + escape( options[ j ].value );
      				      amp = '&';
      				      }
      				    }
      				  }
      			    }
      				if( background == true ) {
      					submitUrl += amp + 'background=true';
      					if( !confirm ( 'Info:  Reports that prompt for parameters are not supported with this feature.  ' +
      					    'Run in Background may report errors. Click OK to continue.' ) ) {
      						return false;
      					}
      				}
      			    if( target == '' ) {
      				    document.location.href=submitUrl;
      				} else {
      					window.open( submitUrl, target );
      				}
      			    return false;
      			  }
      			</script>
      		</head>
   <body dir="LTR">
      <div style="margin:10px"><span class="portlet-section-header">02. BILLING STATEMENTS</span></div>
      <div style="margin:10px;border:1px solid #808080">
         <form name="forminvoice">
            <table>
               <tr>
                  <td><span class="portlet-font">Use this form to supply the parameters required for this content</span></td>
               </tr>
               <tr>
                  <td class="portlet-section-subheader"><br>Select: Customer
                  </td>
               </tr>
               <tr>
                  <td class="portlet-font"><div style="height:95px;overflow:auto"><table><tr></tr><tr><td><input id="customer_237" class="portlet-form-field" type="checkbox" name="customer" value="237" title="" onclick="javascript:setXFormsValue('invoice', 'customer');"><span id="customer-label" class="portlet-form-field-label">ANG Resellers</span></td><td><input id="customer_187" class="portlet-form-field" type="checkbox" name="customer" value="187" title="" onclick="javascript:setXFormsValue('invoice', 'customer');"><span id="customer-label" class="portlet-form-field-label">AV Stores, Co.</span></td><td><input id="customer_242" class="portlet-form-field" type="checkbox" name="customer" value="242" title="" onclick="javascript:setXFormsValue('invoice', 'customer');"><span id="customer-label" class="portlet-form-field-label">Alpha Cognac</span></td><td><input id="customer_168" class="portlet-form-field" type="checkbox" name="customer" value="168" title="" onclick="javascript:setXFormsValue('invoice', 'customer');"><span id="customer-label" class="portlet-form-field-label">American Souvenirs Inc</span></td></tr><tr><td><input id="customer_249" class="portlet-form-field" type="checkbox" name="customer" value="249" title="" onclick="javascript:setXFormsValue('invoice', 'customer');"><span id="customer-label" class="portlet-form-field-label">Amica Models &amp; Co.</span></td><td><input id="customer_276" class="portlet-form-field" type="checkbox" name="customer" value="276" title="" onclick="javascript:setXFormsValue('invoice', 'customer');"><span id="customer-label" class="portlet-form-field-label">Anna's Decorations, Ltd</span></td><td><input id="customer_465" class="portlet-form-field" type="checkbox" name="customer" value="465" title="" onclick="javascript:setXFormsValue('invoice', 'customer');"><span id="customer-label" class="portlet-form-field-label">Anton Designs, Ltd.</span></td><td><input id="customer_206" class="portlet-form-field" type="checkbox" name="customer" value="206" title="" onclick="javascript:setXFormsValue('invoice', 'customer');"><span id="customer-label" class="portlet-form-field-label">Asian Shopping Network, Co</span></td></tr><tr><td><input id="customer_348" class="portlet-form-field" type="checkbox" name="customer" value="348" title="" onclick="javascript:setXFormsValue('invoice', 'customer');"><span id="customer-label" class="portlet-form-field-label">Asian Treasures, Inc.</span></td><td><input id="customer_103" class="portlet-form-field" type="checkbox" name="customer" value="103" title="" onclick="javascript:setXFormsValue('invoice', 'customer');"><span id="customer-label" class="portlet-form-field-label">Atelier graphique</span></td><td><input id="customer_471" class="portlet-form-field" type="checkbox" name="customer" value="471" title="" onclick="javascript:setXFormsValue('invoice', 'customer');"><span id="customer-label" class="portlet-form-field-label">Australian Collectables, Ltd</span></td><td><input id="customer_114" class="portlet-form-field" type="checkbox" name="customer" value="114" title="" onclick="javascript:setXFormsValue('invoice', 'customer');"><span id="customer-label" class="portlet-form-field-label">Australian Collectors, Co.</span></td></tr><tr><td><input id="customer_333" class="portlet-form-field" type="checkbox" name="customer" value="333" title="" onclick="javascript:setXFormsValue('invoice', 'customer');"><span id="customer-label" class="portlet-form-field-label">Australian Gift Network, Co</span></td><td><input id="customer_256" class="portlet-form-field" type="checkbox" name="customer" value="256" title="" onclick="javascript:setXFormsValue('invoice', 'customer');"><span id="customer-label" class="portlet-form-field-label">Auto Associ√©s &amp; Cie.</span></td><td><input id="customer_406" class="portlet-form-field" type="checkbox" name="customer" value="406" title="" onclick="javascript:setXFormsValue('invoice', 'customer');"><span id="customer-label" class="portlet-form-field-label">Auto Canal+ Petit</span></td><td><input id="customer_198" class="portlet-form-field" type="checkbox" name="customer" value="198" title="" onclick="javascript:setXFormsValue('invoice', 'customer');"><span id="customer-label" class="portlet-form-field-label">Auto-Moto Classics Inc.</span></td></tr><tr><td><input id="customer_293" class="portlet-form-field" type="checkbox" name="customer" value="293" title="" onclick="javascript:setXFormsValue('invoice', 'customer');"><span id="customer-label" class="portlet-form-field-label">BG&amp;E Collectables</span></td><td><input id="customer_121" class="portlet-form-field" type="checkbox" name="customer" value="121" title="" onclick="javascript:setXFormsValue('invoice', 'customer');"><span id="customer-label" class="portlet-form-field-label">Baane Mini Imports</span></td><td><input id="customer_415" class="portlet-form-field" type="checkbox" name="customer" value="415" title="" onclick="javascript:setXFormsValue('invoice', 'customer');"><span id="customer-label" class="portlet-form-field-label">Bavarian Collectables Imports, Co.</span></td><td><input id="customer_128" class="portlet-form-field" type="checkbox" name="customer" value="128" title="" onclick="javascript:setXFormsValue('invoice', 'customer');"><span id="customer-label" class="portlet-form-field-label">Blauer See Auto, Co.</span></td></tr><tr><td><input id="customer_219" class="portlet-form-field" type="checkbox" name="customer" value="219" title="" onclick="javascript:setXFormsValue('invoice', 'customer');"><span id="customer-label" class="portlet-form-field-label">Boards &amp; Toys Co.</span></td><td><input id="customer_344" class="portlet-form-field" type="checkbox" name="customer" value="344" title="" onclick="javascript:setXFormsValue('invoice', 'customer');"><span id="customer-label" class="portlet-form-field-label">CAF Imports</span></td><td><input id="customer_173" class="portlet-form-field" type="checkbox" name="customer" value="173" title="" onclick="javascript:setXFormsValue('invoice', 'customer');"><span id="customer-label" class="portlet-form-field-label">Cambridge Collectables Co.</span></td><td><input id="customer_202" class="portlet-form-field" type="checkbox" name="customer" value="202" title="" onclick="javascript:setXFormsValue('invoice', 'customer');"><span id="customer-label" class="portlet-form-field-label">Canadian Gift Exchange Network</span></td></tr><tr><td><input id="customer_339" class="portlet-form-field" type="checkbox" name="customer" value="339" title="" onclick="javascript:setXFormsValue('invoice', 'customer');"><span id="customer-label" class="portlet-form-field-label">Classic Gift Ideas, Inc</span></td><td><input id="customer_424" class="portlet-form-field" type="checkbox" name="customer" value="424" title="" onclick="javascript:setXFormsValue('invoice', 'customer');"><span id="customer-label" class="portlet-form-field-label">Classic Legends Inc.</span></td><td><input id="customer_189" class="portlet-form-field" type="checkbox" name="customer" value="189" title="" onclick="javascript:setXFormsValue('invoice', 'customer');"><span id="customer-label" class="portlet-form-field-label">Clover Collections, Co.</span></td><td><input id="customer_239" class="portlet-form-field" type="checkbox" name="customer" value="239" title="" onclick="javascript:setXFormsValue('invoice', 'customer');"><span id="customer-label" class="portlet-form-field-label">Collectable Mini Designs Co.</span></td></tr><tr><td><input id="customer_379" class="portlet-form-field" type="checkbox" name="customer" value="379" title="" onclick="javascript:setXFormsValue('invoice', 'customer');"><span id="customer-label" class="portlet-form-field-label">Collectables For Less Inc.</span></td><td><input id="customer_321" class="portlet-form-field" type="checkbox" name="customer" value="321" title="" onclick="javascript:setXFormsValue('invoice', 'customer');"><span id="customer-label" class="portlet-form-field-label">Corporate Gift Ideas Co.</span></td><td><input id="customer_458" class="portlet-form-field" type="checkbox" name="customer" value="458" title="" onclick="javascript:setXFormsValue('invoice', 'customer');"><span id="customer-label" class="portlet-form-field-label">Corrida Auto Replicas, Ltd</span></td><td><input id="customer_335" class="portlet-form-field" type="checkbox" name="customer" value="335" title="" onclick="javascript:setXFormsValue('invoice', 'customer');"><span id="customer-label" class="portlet-form-field-label">Cramer Spezialit√§ten, Ltd</span></td></tr><tr><td><input id="customer_385" class="portlet-form-field" type="checkbox" name="customer" value="385" title="" onclick="javascript:setXFormsValue('invoice', 'customer');"><span id="customer-label" class="portlet-form-field-label">Cruz &amp; Sons Co.</span></td><td><input id="customer_171" class="portlet-form-field" type="checkbox" name="customer" value="171" title="" onclick="javascript:setXFormsValue('invoice', 'customer');"><span id="customer-label" class="portlet-form-field-label">Daedalus Designs Imports</span></td><td><input id="customer_145" class="portlet-form-field" type="checkbox" name="customer" value="145" title="" onclick="javascript:setXFormsValue('invoice', 'customer');"><span id="customer-label" class="portlet-form-field-label">Danish Wholesale Imports</span></td><td><input id="customer_307" class="portlet-form-field" type="checkbox" name="customer" value="307" title="" onclick="javascript:setXFormsValue('invoice', 'customer');"><span id="customer-label" class="portlet-form-field-label">Der Hund Imports</span></td></tr><tr><td><input id="customer_157" class="portlet-form-field" type="checkbox" name="customer" value="157" title="" onclick="javascript:setXFormsValue('invoice', 'customer');"><span id="customer-label" class="portlet-form-field-label">Diecast Classics Inc.</span></td><td><input id="customer_495" class="portlet-form-field" type="checkbox" name="customer" value="495" title="" onclick="javascript:setXFormsValue('invoice', 'customer');"><span id="customer-label" class="portlet-form-field-label">Diecast Collectables</span></td><td><input id="customer_489" class="portlet-form-field" type="checkbox" name="customer" value="489" title="" onclick="javascript:setXFormsValue('invoice', 'customer');"><span id="customer-label" class="portlet-form-field-label">Double Decker Gift Stores, Ltd</span></td><td><input id="customer_323" class="portlet-form-field" type="checkbox" name="customer" value="323" title="" onclick="javascript:setXFormsValue('invoice', 'customer');"><span id="customer-label" class="portlet-form-field-label">Down Under Souveniers, Inc</span></td></tr><tr><td><input id="customer_148" class="portlet-form-field" type="checkbox" name="customer" value="148" title="" onclick="javascript:setXFormsValue('invoice', 'customer');"><span id="customer-label" class="portlet-form-field-label">Dragon Souveniers, Ltd.</span></td><td><input id="customer_216" class="portlet-form-field" type="checkbox" name="customer" value="216" title="" onclick="javascript:setXFormsValue('invoice', 'customer');"><span id="customer-label" class="portlet-form-field-label">Enaco Distributors</span></td><td><input id="customer_141" class="portlet-form-field" type="checkbox" name="customer" value="141" title="" onclick="javascript:setXFormsValue('invoice', 'customer');"><span id="customer-label" class="portlet-form-field-label">Euro+ Shopping Channel</span></td><td><input id="customer_412" class="portlet-form-field" type="checkbox" name="customer" value="412" title="" onclick="javascript:setXFormsValue('invoice', 'customer');"><span id="customer-label" class="portlet-form-field-label">Extreme Desk Decorations, Ltd</span></td></tr><tr><td><input id="customer_443" class="portlet-form-field" type="checkbox" name="customer" value="443" title="" onclick="javascript:setXFormsValue('invoice', 'customer');"><span id="customer-label" class="portlet-form-field-label">Feuer Online Stores, Inc</span></td><td><input id="customer_273" class="portlet-form-field" type="checkbox" name="customer" value="273" title="" onclick="javascript:setXFormsValue('invoice', 'customer');"><span id="customer-label" class="portlet-form-field-label">Franken Gifts, Co</span></td><td><input id="customer_473" class="portlet-form-field" type="checkbox" name="customer" value="473" title="" onclick="javascript:setXFormsValue('invoice', 'customer');"><span id="customer-label" class="portlet-form-field-label">Frau da Collezione</span></td><td><input id="customer_462" class="portlet-form-field" type="checkbox" name="customer" value="462" title="" onclick="javascript:setXFormsValue('invoice', 'customer');"><span id="customer-label" class="portlet-form-field-label">FunGiftIdeas.com</span></td></tr><tr><td><input id="customer_175" class="portlet-form-field" type="checkbox" name="customer" value="175" title="" onclick="javascript:setXFormsValue('invoice', 'customer');"><span id="customer-label" class="portlet-form-field-label">Gift Depot Inc.</span></td><td><input id="customer_447" class="portlet-form-field" type="checkbox" name="customer" value="447" title="" onclick="javascript:setXFormsValue('invoice', 'customer');"><span id="customer-label" class="portlet-form-field-label">Gift Ideas Corp.</span></td><td><input id="customer_362" class="portlet-form-field" type="checkbox" name="customer" value="362" title="" onclick="javascript:setXFormsValue('invoice', 'customer');"><span id="customer-label" class="portlet-form-field-label">Gifts4AllAges.com</span></td><td><input id="customer_357" class="portlet-form-field" type="checkbox" name="customer" value="357" title="" onclick="javascript:setXFormsValue('invoice', 'customer');"><span id="customer-label" class="portlet-form-field-label">GiftsForHim.com</span></td></tr><tr><td><input id="customer_166" class="portlet-form-field" type="checkbox" name="customer" value="166" title="" onclick="javascript:setXFormsValue('invoice', 'customer');"><span id="customer-label" class="portlet-form-field-label">Handji Gifts&amp; Co</span></td><td><input id="customer_125" class="portlet-form-field" type="checkbox" name="customer" value="125" title="" onclick="javascript:setXFormsValue('invoice', 'customer');"><span id="customer-label" class="portlet-form-field-label">Havel &amp; Zbyszek Co</span></td><td><input id="customer_227" class="portlet-form-field" type="checkbox" name="customer" value="227" title="" onclick="javascript:setXFormsValue('invoice', 'customer');"><span id="customer-label" class="portlet-form-field-label">Heintze Collectables</span></td><td><input id="customer_167" class="portlet-form-field" type="checkbox" name="customer" value="167" title="" onclick="javascript:setXFormsValue('invoice', 'customer');"><span id="customer-label" class="portlet-form-field-label">Herkku Gifts</span></td></tr><tr><td><input id="customer_484" class="portlet-form-field" type="checkbox" name="customer" value="484" title="" onclick="javascript:setXFormsValue('invoice', 'customer');"><span id="customer-label" class="portlet-form-field-label">Iberia Gift Imports, Corp.</span></td><td><input id="customer_496" class="portlet-form-field" type="checkbox" name="customer" value="496" title="" onclick="javascript:setXFormsValue('invoice', 'customer');"><span id="customer-label" class="portlet-form-field-label">Kelly's Gift Shop</span></td><td><input id="customer_211" class="portlet-form-field" type="checkbox" name="customer" value="211" title="" onclick="javascript:setXFormsValue('invoice', 'customer');"><span id="customer-label" class="portlet-form-field-label">King Kong Collectables, Co.</span></td><td><input id="customer_361" class="portlet-form-field" type="checkbox" name="customer" value="361" title="" onclick="javascript:setXFormsValue('invoice', 'customer');"><span id="customer-label" class="portlet-form-field-label">Kommission Auto</span></td></tr><tr><td><input id="customer_480" class="portlet-form-field" type="checkbox" name="customer" value="480" title="" onclick="javascript:setXFormsValue('invoice', 'customer');"><span id="customer-label" class="portlet-form-field-label">Kremlin Collectables, Co.</span></td><td><input id="customer_386" class="portlet-form-field" type="checkbox" name="customer" value="386" title="" onclick="javascript:setXFormsValue('invoice', 'customer');"><span id="customer-label" class="portlet-form-field-label">L'ordine Souveniers</span></td><td><input id="customer_172" class="portlet-form-field" type="checkbox" name="customer" value="172" title="" onclick="javascript:setXFormsValue('invoice', 'customer');"><span id="customer-label" class="portlet-form-field-label">La Corne D'abondance, Co.</span></td><td><input id="customer_119" class="portlet-form-field" type="checkbox" name="customer" value="119" title="" onclick="javascript:setXFormsValue('invoice', 'customer');"><span id="customer-label" class="portlet-form-field-label">La Rochelle Gifts</span></td></tr><tr><td><input id="customer_131" class="portlet-form-field" type="checkbox" name="customer" value="131" title="" onclick="javascript:setXFormsValue('invoice', 'customer');"><span id="customer-label" class="portlet-form-field-label">Land of Toys Inc.</span></td><td><input id="customer_369" class="portlet-form-field" type="checkbox" name="customer" value="369" title="" onclick="javascript:setXFormsValue('invoice', 'customer');"><span id="customer-label" class="portlet-form-field-label">Lisboa Souveniers, Inc</span></td><td><input id="customer_250" class="portlet-form-field" type="checkbox" name="customer" value="250" title="" onclick="javascript:setXFormsValue('invoice', 'customer');"><span id="customer-label" class="portlet-form-field-label">Lyon Souveniers</span></td><td><input id="customer_350" class="portlet-form-field" type="checkbox" name="customer" value="350" title="" onclick="javascript:setXFormsValue('invoice', 'customer');"><span id="customer-label" class="portlet-form-field-label">Marseille Mini Autos</span></td></tr><tr><td><input id="customer_286" class="portlet-form-field" type="checkbox" name="customer" value="286" title="" onclick="javascript:setXFormsValue('invoice', 'customer');"><span id="customer-label" class="portlet-form-field-label">Marta's Replicas Co.</span></td><td><input id="customer_347" class="portlet-form-field" type="checkbox" name="customer" value="347" title="" onclick="javascript:setXFormsValue('invoice', 'customer');"><span id="customer-label" class="portlet-form-field-label">Men 'R' US Retailers, Ltd.</span></td><td><input id="customer_247" class="portlet-form-field" type="checkbox" name="customer" value="247" title="" onclick="javascript:setXFormsValue('invoice', 'customer');"><span id="customer-label" class="portlet-form-field-label">Messner Shopping Network</span></td><td><input id="customer_456" class="portlet-form-field" type="checkbox" name="customer" value="456" title="" onclick="javascript:setXFormsValue('invoice', 'customer');"><span id="customer-label" class="portlet-form-field-label">Microscale Inc.</span></td></tr><tr><td><input id="customer_452" class="portlet-form-field" type="checkbox" name="customer" value="452" title="" onclick="javascript:setXFormsValue('invoice', 'customer');"><span id="customer-label" class="portlet-form-field-label">Mini Auto Werke</span></td><td><input id="customer_209" class="portlet-form-field" type="checkbox" name="customer" value="209" title="" onclick="javascript:setXFormsValue('invoice', 'customer');"><span id="customer-label" class="portlet-form-field-label">Mini Caravy</span></td><td><input id="customer_319" class="portlet-form-field" type="checkbox" name="customer" value="319" title="" onclick="javascript:setXFormsValue('invoice', 'customer');"><span id="customer-label" class="portlet-form-field-label">Mini Classics</span></td><td><input id="customer_320" class="portlet-form-field" type="checkbox" name="customer" value="320" title="" onclick="javascript:setXFormsValue('invoice', 'customer');"><span id="customer-label" class="portlet-form-field-label">Mini Creations Ltd.</span></td></tr><tr><td><input id="customer_124" class="portlet-form-field" type="checkbox" name="customer" value="124" title="" onclick="javascript:setXFormsValue('invoice', 'customer');"><span id="customer-label" class="portlet-form-field-label">Mini Gifts Distributors Ltd.</span></td><td><input id="customer_129" class="portlet-form-field" type="checkbox" name="customer" value="129" title="" onclick="javascript:setXFormsValue('invoice', 'customer');"><span id="customer-label" class="portlet-form-field-label">Mini Wheels Co.</span></td><td><input id="customer_477" class="portlet-form-field" type="checkbox" name="customer" value="477" title="" onclick="javascript:setXFormsValue('invoice', 'customer');"><span id="customer-label" class="portlet-form-field-label">Mit Vergn√ºgen &amp; Co.</span></td><td><input id="customer_486" class="portlet-form-field" type="checkbox" name="customer" value="486" title="" onclick="javascript:setXFormsValue('invoice', 'customer');"><span id="customer-label" class="portlet-form-field-label">Motor Mint Distributors Inc.</span></td></tr><tr><td><input id="customer_151" class="portlet-form-field" type="checkbox" name="customer" value="151" title="" onclick="javascript:setXFormsValue('invoice', 'customer');"><span id="customer-label" class="portlet-form-field-label">Muscle Machine Inc</span></td><td><input id="customer_223" class="portlet-form-field" type="checkbox" name="customer" value="223" title="" onclick="javascript:setXFormsValue('invoice', 'customer');"><span id="customer-label" class="portlet-form-field-label">Nat√ºrlich Autos</span></td><td><input id="customer_299" class="portlet-form-field" type="checkbox" name="customer" value="299" title="" onclick="javascript:setXFormsValue('invoice', 'customer');"><span id="customer-label" class="portlet-form-field-label">Norway Gifts By Mail, Co.</span></td><td><input id="customer_363" class="portlet-form-field" type="checkbox" name="customer" value="363" title="" onclick="javascript:setXFormsValue('invoice', 'customer');"><span id="customer-label" class="portlet-form-field-label">Online Diecast Creations Co.</span></td></tr><tr><td><input id="customer_204" class="portlet-form-field" type="checkbox" name="customer" value="204" title="" onclick="javascript:setXFormsValue('invoice', 'customer');"><span id="customer-label" class="portlet-form-field-label">Online Mini Collectables</span></td><td><input id="customer_177" class="portlet-form-field" type="checkbox" name="customer" value="177" title="" onclick="javascript:setXFormsValue('invoice', 'customer');"><span id="customer-label" class="portlet-form-field-label">Osaka Souveniers Co.</span></td><td><input id="customer_311" class="portlet-form-field" type="checkbox" name="customer" value="311" title="" onclick="javascript:setXFormsValue('invoice', 'customer');"><span id="customer-label" class="portlet-form-field-label">Oulu Toy Supplies, Inc.</span></td><td><input id="customer_314" class="portlet-form-field" type="checkbox" name="customer" value="314" title="" onclick="javascript:setXFormsValue('invoice', 'customer');"><span id="customer-label" class="portlet-form-field-label">Petit Auto</span></td></tr><tr><td><input id="customer_169" class="portlet-form-field" type="checkbox" name="customer" value="169" title="" onclick="javascript:setXFormsValue('invoice', 'customer');"><span id="customer-label" class="portlet-form-field-label">Porto Imports Co.</span></td><td><input id="customer_376" class="portlet-form-field" type="checkbox" name="customer" value="376" title="" onclick="javascript:setXFormsValue('invoice', 'customer');"><span id="customer-label" class="portlet-form-field-label">Precious Collectables</span></td><td><input id="customer_233" class="portlet-form-field" type="checkbox" name="customer" value="233" title="" onclick="javascript:setXFormsValue('invoice', 'customer');"><span id="customer-label" class="portlet-form-field-label">Qu√©bec Home Shopping Network</span></td><td><input id="customer_481" class="portlet-form-field" type="checkbox" name="customer" value="481" title="" onclick="javascript:setXFormsValue('invoice', 'customer');"><span id="customer-label" class="portlet-form-field-label">Raanan Stores, Inc</span></td></tr><tr><td><input id="customer_353" class="portlet-form-field" type="checkbox" name="customer" value="353" title="" onclick="javascript:setXFormsValue('invoice', 'customer');"><span id="customer-label" class="portlet-form-field-label">Reims Collectables</span></td><td><input id="customer_278" class="portlet-form-field" type="checkbox" name="customer" value="278" title="" onclick="javascript:setXFormsValue('invoice', 'customer');"><span id="customer-label" class="portlet-form-field-label">Rovelli Gifts</span></td><td><input id="customer_260" class="portlet-form-field" type="checkbox" name="customer" value="260" title="" onclick="javascript:setXFormsValue('invoice', 'customer');"><span id="customer-label" class="portlet-form-field-label">Royal Canadian Collectables, Ltd.</span></td><td><input id="customer_381" class="portlet-form-field" type="checkbox" name="customer" value="381" title="" onclick="javascript:setXFormsValue('invoice', 'customer');"><span id="customer-label" class="portlet-form-field-label">Royale Belge</span></td></tr><tr><td><input id="customer_356" class="portlet-form-field" type="checkbox" name="customer" value="356" title="" onclick="javascript:setXFormsValue('invoice', 'customer');"><span id="customer-label" class="portlet-form-field-label">SAR Distributors, Co</span></td><td><input id="customer_382" class="portlet-form-field" type="checkbox" name="customer" value="382" title="" onclick="javascript:setXFormsValue('invoice', 'customer');"><span id="customer-label" class="portlet-form-field-label">Salzburg Collectables</span></td><td><input id="customer_146" class="portlet-form-field" type="checkbox" name="customer" value="146" title="" onclick="javascript:setXFormsValue('invoice', 'customer');"><span id="customer-label" class="portlet-form-field-label">Saveley &amp; Henriot, Co.</span></td><td><input id="customer_448" class="portlet-form-field" type="checkbox" name="customer" value="448" title="" onclick="javascript:setXFormsValue('invoice', 'customer');"><span id="customer-label" class="portlet-form-field-label">Scandinavian Gift Ideas</span></td></tr><tr><td><input id="customer_303" class="portlet-form-field" type="checkbox" name="customer" value="303" title="" onclick="javascript:setXFormsValue('invoice', 'customer');"><span id="customer-label" class="portlet-form-field-label">Schuyler Imports</span></td><td><input id="customer_487" class="portlet-form-field" type="checkbox" name="customer" value="487" title="" onclick="javascript:setXFormsValue('invoice', 'customer');"><span id="customer-label" class="portlet-form-field-label">Signal Collectibles Ltd.</span></td><td><input id="customer_112" class="portlet-form-field" type="checkbox" name="customer" value="112" title="" onclick="javascript:setXFormsValue('invoice', 'customer');"><span id="customer-label" class="portlet-form-field-label">Signal Gift Stores</span></td><td><input id="customer_282" class="portlet-form-field" type="checkbox" name="customer" value="282" title="" onclick="javascript:setXFormsValue('invoice', 'customer');"><span id="customer-label" class="portlet-form-field-label">Souveniers And Things Co.</span></td></tr><tr><td><input id="customer_409" class="portlet-form-field" type="checkbox" name="customer" value="409" title="" onclick="javascript:setXFormsValue('invoice', 'customer');"><span id="customer-label" class="portlet-form-field-label">Stuttgart Collectable Exchange</span></td><td><input id="customer_324" class="portlet-form-field" type="checkbox" name="customer" value="324" title="" onclick="javascript:setXFormsValue('invoice', 'customer');"><span id="customer-label" class="portlet-form-field-label">Stylish Desk Decors, Co.</span></td><td><input id="customer_334" class="portlet-form-field" type="checkbox" name="customer" value="334" title="" onclick="javascript:setXFormsValue('invoice', 'customer');"><span id="customer-label" class="portlet-form-field-label">Suominen Souveniers</span></td><td><input id="customer_455" class="portlet-form-field" type="checkbox" name="customer" value="455" title="" onclick="javascript:setXFormsValue('invoice', 'customer');"><span id="customer-label" class="portlet-form-field-label">Super Scale Inc.</span></td></tr><tr><td><input id="customer_161" class="portlet-form-field" type="checkbox" name="customer" value="161" title="" onclick="javascript:setXFormsValue('invoice', 'customer');"><span id="customer-label" class="portlet-form-field-label">Technics Stores Inc.</span></td><td><input id="customer_328" class="portlet-form-field" type="checkbox" name="customer" value="328" title="" onclick="javascript:setXFormsValue('invoice', 'customer');"><span id="customer-label" class="portlet-form-field-label">Tekni Collectables Inc.</span></td><td><input id="customer_450" class="portlet-form-field" type="checkbox" name="customer" value="450" title="" onclick="javascript:setXFormsValue('invoice', 'customer');"><span id="customer-label" class="portlet-form-field-label">The Sharp Gifts Warehouse</span></td><td><input id="customer_398" class="portlet-form-field" type="checkbox" name="customer" value="398" title="" onclick="javascript:setXFormsValue('invoice', 'customer');"><span id="customer-label" class="portlet-form-field-label">Tokyo Collectables, Ltd</span></td></tr><tr><td><input id="customer_259" class="portlet-form-field" type="checkbox" name="customer" value="259" title="" onclick="javascript:setXFormsValue('invoice', 'customer');"><span id="customer-label" class="portlet-form-field-label">Toms Spezialit√§ten, Ltd</span></td><td><input id="customer_186" class="portlet-form-field" type="checkbox" name="customer" value="186" title="" onclick="javascript:setXFormsValue('invoice', 'customer');"><span id="customer-label" class="portlet-form-field-label">Toys of Finland, Co.</span></td><td><input id="customer_205" class="portlet-form-field" type="checkbox" name="customer" value="205" title="" onclick="javascript:setXFormsValue('invoice', 'customer');"><span id="customer-label" class="portlet-form-field-label">Toys4GrownUps.com</span></td><td><input id="customer_201" class="portlet-form-field" type="checkbox" name="customer" value="201" title="" onclick="javascript:setXFormsValue('invoice', 'customer');"><span id="customer-label" class="portlet-form-field-label">UK Collectables, Ltd.</span></td></tr><tr><td><input id="customer_298" class="portlet-form-field" type="checkbox" name="customer" value="298" title="" onclick="javascript:setXFormsValue('invoice', 'customer');"><span id="customer-label" class="portlet-form-field-label">Vida Sport, Ltd</span></td><td><input id="customer_181" class="portlet-form-field" type="checkbox" name="customer" value="181" title="" onclick="javascript:setXFormsValue('invoice', 'customer');"><span id="customer-label" class="portlet-form-field-label">Vitachrome Inc.</span></td><td><input id="customer_144" class="portlet-form-field" type="checkbox" name="customer" value="144" title="" onclick="javascript:setXFormsValue('invoice', 'customer');"><span id="customer-label" class="portlet-form-field-label">Volvo Model Replicas, Co</span></td><td><input id="customer_459" class="portlet-form-field" type="checkbox" name="customer" value="459" title="" onclick="javascript:setXFormsValue('invoice', 'customer');"><span id="customer-label" class="portlet-form-field-label">Warburg Exchange</span></td></tr><tr><td><input id="customer_475" class="portlet-form-field" type="checkbox" name="customer" value="475" title="" onclick="javascript:setXFormsValue('invoice', 'customer');"><span id="customer-label" class="portlet-form-field-label">West Coast Collectables Co.</span></td><td><input id="customer_240" class="portlet-form-field" type="checkbox" name="customer" value="240" title="" onclick="javascript:setXFormsValue('invoice', 'customer');"><span id="customer-label" class="portlet-form-field-label">giftsbymail.co.uk</span></td></tr></table></div><span id="customer-required" class="required-symbol"></span></td>
               </tr>
               <tr>
                  <td class="portlet-section-subheader"><br>Select: Report Output
                  </td>
               </tr>
               <tr>
                  <td class="portlet-font"><input id="type_pdf" class="portlet-form-field" type="radio" name="type" value="pdf" title="" checked onclick="javascript:setXFormsValue('invoice', 'type');"><span id="type-label" class="portlet-form-field-label">PDF</span><input id="type_xls" class="portlet-form-field" type="radio" name="type" value="xls" title="" onclick="javascript:setXFormsValue('invoice', 'type');"><span id="type-label" class="portlet-form-field-label">Excel</span><input id="type_html" class="portlet-form-field" type="radio" name="type" value="html" title="" onclick="javascript:setXFormsValue('invoice', 'type');"><span id="type-label" class="portlet-form-field-label">Web Page</span><span id="type-required" class="required-symbol"></span></td>
               </tr>
               <tr>
                  <td><br><input type="button" name="go" class="portlet-form-button" value="Update..." onClick="doForminvoice(false)"><input type="button" name="go" class="portlet-form-button" value="Background" onClick="doForminvoice(true)"></td>
               </tr>
            </table><input xmlns:xf="http://www.w3.org/2002/xforms" type="hidden" name="solution" value="samples"><input xmlns:xf="http://www.w3.org/2002/xforms" type="hidden" name="action" value="invoice.xaction"><input
             type="hidden" name="path" value="steel-wheels/reports"></form>
      </div>
   </body>
</html>