<?xml version="1.0" encoding="UTF-8"?>
<files><location>Pentaho Solution Browser/Samples/2. Reporting Examples/</location><file type="FILE.FOLDER" name="reporting" path="reporting" visible="true" displaytype="list"><path>reporting</path><title>2. Reporting Examples</title><description>Examples of HTML and PDF reports</description><icon>getImage?image=icons/reporting.png</icon><solution>samples</solution><file type="FILE.ACTIVITY" visible="true" displaytype="report"><filename>custom-parameter-page-example.xaction</filename><path>reporting</path><solution>samples</solution><title>Parameter Page Customization Example</title><description>This shows an example of a custom parameter page using an XSL template</description><author>Angelo Rodriguez</author><icon>getImage?image=icons/JFree-quadrant-budget-hsql.png</icon><properties>subscribable=false</properties></file><file type="FILE.ACTIVITY" visible="true" displaytype="report"><filename>JFree_Quad.xaction</filename><path>reporting</path><solution>samples</solution><title>JFreeReport HTML Example</title><description>This is an example of an HTML report produced by JFreeReport. &lt;p/&gt;			It shows the actual headcount cost, budgeted headcount cost, and variance for every position, department and region&lt;p/&gt;			It demostrates using colors and styles for headers and groupings. It also shows sub-totals.</description><author>Angelo Rodriguez</author><icon>getImage?image=icons/JFree-quadrant-budget-hsql.png</icon><properties>subscribable=false</properties></file><file type="FILE.ACTIVITY" visible="true" displaytype="report"><filename>custom-parameter-page-example2.xaction</filename><path>reporting</path><solution>samples</solution><title>Parameter Page Customization Example</title><description>This shows an example of a custom parameter page based on an HTML template</description><author>Angelo Rodriguez</author><icon>getImage?image=icons/JFree-quadrant-budget-hsql.png</icon><properties>subscribable=false</properties></file><file type="FILE.ACTIVITY" visible="true" displaytype="rule"><filename>MDX_report.xaction</filename><path>reporting</path><solution>samples</solution><title>OLAP Crosstab Report</title><description>A cross tab report that shows actual and budget data for every department across every region. The report queries a Mondrian OLAP server and uses JFreeReport to generate the page</description><author>William Seyler</author><icon>getImage?image=icons/MDX_report.png</icon><properties>subscribable=false</properties></file><file type="FILE.ACTIVITY" visible="true" displaytype="rule"><filename>JFree_ChartComponent.xaction</filename><path>reporting</path><solution>samples</solution><title>JFreeReport with Pie Charts</title><description>Generates a PDF containing a Pie Chart based on a different SQL query than the report itself.  The pie chart is created using the ChartComponent and is passed to JFreeReport as a parameter.</description><author>Michael D'Amour</author><icon>getImage?image=icons/JFree_ChartComponent.png</icon><properties>subscribable=false</properties></file><file type="FILE.ACTIVITY" visible="true" displaytype="rule"><filename>JFree_XQuery_report.xaction</filename><path>reporting</path><solution>samples</solution><title>JFree XQuery Report</title><description>Runs a JFreeReport against data stored in an XML document.  The data is retrieved using an XQueryLookupRule.</description><author>Michael D'Amour</author><icon>getImage?image=icons/JFree-quadrant-budget-hsql.png</icon><properties>subscribable=false</properties></file><file type="FILE.ACTIVITY" visible="true" displaytype="rule"><filename>MDX_report_XLS.xaction</filename><path>reporting</path><solution>samples</solution><title>OLAP Crosstab Spreadsheet</title><description>A spreadsheet that shows actual and budget data for every department across every region. The report queries a Mondrian OLAP server and uses JFreeReport to generate the XLS file.</description><author>William Seyler</author><icon>getImage?image=icons/MDX_report.png</icon><properties>subscribable=false</properties></file><file type="FILE.ACTIVITY" visible="true" displaytype="report"><filename>subreport-example.xaction</filename><path>reporting</path><solution>samples</solution><title>Subreport Example</title><description>This shows an example of a subreport in JFreeReport</description><author>Will Gorman</author><properties>subscribable=false</properties></file><file type="FILE.ACTIVITY" visible="true" displaytype="rule"><filename>JFree_XQuery_Chart_report.xaction</filename><path>reporting</path><solution>samples</solution><title>JFreeReport with Bar Chart</title><description>Runs a JFreeReport against data stored in an XML document and produces a Bar Chart using JFreeChart.</description><author>Michael D'Amour</author><icon>getImage?image=icons/JFreeReport_WithChart.png</icon><properties>subscribable=false</properties></file><file type="FILE.FOLDER" name="dep-param" path="reporting/dep-param" visible="true" displaytype="list"><path>reporting/dep-param</path><title>Dependent Parameter Examples</title><description>Dynamic Dependent Parameter Examples using AJAX</description><icon>getImage?image=icons/reporting.png</icon><solution>samples</solution><file type="FILE.ACTIVITY" visible="false"><filename>DepartmentsForRegion.xaction</filename><path>reporting/dep-param</path><solution>samples</solution><title>Current Position Titles</title><description>This rule uses a database query to determine valid job positions for a given department.&lt;p&gt;You can pass it different departments on the URL. try these &lt;a href="/pentaho/ViewAction?solution=samples&amp;path=rules&amp;action=CurrentPositionTitles.xaction&amp;dept=Finance" target="pentaho_action"&gt;Finance&lt;/a&gt;, &lt;a href="/pentaho/ViewAction?solution=samples&amp;path=rules&amp;action=CurrentPositionTitles.xaction&amp;dept=Sales" target="pentaho_action"&gt;Sales&lt;/a&gt;, &lt;a href="/pentaho/ViewAction?solution=samples&amp;path=rules&amp;action=CurrentPositionTitles.xaction&amp;dept=Human%20Resource" target="pentaho_action"&gt;Human Resource&lt;/a&gt;</description><author>Michael D'Amour</author><icon>CurrentPositionTitles.png</icon><properties>subscribable=false</properties></file><file type="FILE.ACTIVITY" visible="false"><filename>PositionTitlesForDept.xaction</filename><path>reporting/dep-param</path><solution>samples</solution><title>Current Position Titles</title><description>This rule uses a database query to determine valid job positions for a given department.&lt;p&gt;You can pass it different departments on the URL. try these &lt;a href="/pentaho/ViewAction?solution=samples&amp;path=rules&amp;action=CurrentPositionTitles.xaction&amp;dept=Finance" target="pentaho_action"&gt;Finance&lt;/a&gt;, &lt;a href="/pentaho/ViewAction?solution=samples&amp;path=rules&amp;action=CurrentPositionTitles.xaction&amp;dept=Sales" target="pentaho_action"&gt;Sales&lt;/a&gt;, &lt;a href="/pentaho/ViewAction?solution=samples&amp;path=rules&amp;action=CurrentPositionTitles.xaction&amp;dept=Human%20Resource" target="pentaho_action"&gt;Human Resource&lt;/a&gt;</description><author>James Dixon</author><icon>CurrentPositionTitles.png</icon><properties>subscribable=false</properties></file><file type="FILE.ACTIVITY" visible="true" displaytype="report"><filename>DependentParameterExample.xaction</filename><path>reporting/dep-param</path><solution>samples</solution><title>Dynamic Dependent Parameter Page</title><description>Dynamic dependent parameter page example using AJAX and an HTML template</description><author>Michael D'Amour</author><icon>JFree-quadrant-budget-hsql.png</icon><properties>subscribable=false</properties></file></file><file type="FILE.FOLDER" name="dynamic-reports" path="reporting/dynamic-reports" visible="true" displaytype="list"><path>reporting/dynamic-reports</path><title>Dynamic Reporting</title><description>Dynamic Reporting Examples</description><icon>getImage?image=icons/reporting.png</icon><solution>samples</solution><file type="FILE.ACTIVITY" visible="true" displaytype="report"><filename>JFree_Quad_Dynamic_Group_Chart.xaction</filename><path>reporting/dynamic-reports</path><solution>samples</solution><title>Programmatic Quadrant Report with Group Level Bar Charts</title><description>This action sequence executes a SQL query and then programmatically builds a ReportSpec object model which is used to generate a JFreeReport definition with a Bar Chart for each group run.  The report definition is passed to JFreeReport and a formatted report is generated.</description><author>Michael D'Amour</author><icon>JFree-quadrant-budget-hsql.png</icon><properties>subscribable=false</properties></file><file type="FILE.ACTIVITY" visible="true" displaytype="report"><filename>JFree_Quad_Dynamic.xaction</filename><path>reporting/dynamic-reports</path><solution>samples</solution><title>Programmatic Quadrant Report</title><description>This action sequence executes a SQL query and then programmatically builds a ReportSpec object model which is used to generate a JFreeReport definition.  The report definition is passed to JFreeReport and a formatted report is generated.</description><author>Michael D'Amour</author><icon>JFree-quadrant-budget-hsql.png</icon><properties>subscribable=false</properties></file><file type="FILE.ACTIVITY" visible="true" displaytype="report"><filename>JFree_Quad_Dynamic_Chart.xaction</filename><path>reporting/dynamic-reports</path><solution>samples</solution><title>Programmatic Quadrant Report with Pie Chart</title><description>This action sequence executes a SQL query and then programmatically builds a ReportSpec object model which is used to generate a JFreeReport definition with a Pie Chart.  The report definition is passed to JFreeReport and a formatted report is generated.</description><author>Michael D'Amour</author><icon>JFree-quadrant-budget-hsql.png</icon><properties>subscribable=false</properties></file><file type="FILE.ACTIVITY" visible="true" displaytype="report"><filename>JFree_Quad_Fully_Dynamic.xaction</filename><path>reporting/dynamic-reports</path><solution>samples</solution><title>Fully Dynamic Quadrant Report</title><description>This action sequence executes a SQL query and then dynamically builds a ReportSpec object model which is used to generate a JFreeReport definition.  The report definition is passed to JFreeReport and a formatted report is generated.</description><author>Michael D'Amour</author><icon>JFree-quadrant-budget-hsql.png</icon><properties>subscribable=false</properties></file><file type="FILE.ACTIVITY" visible="true" displaytype="report"><filename>JFree_Quad_Fully_Dynamic_Chart.xaction</filename><path>reporting/dynamic-reports</path><solution>samples</solution><title>Fully Dynamic Quadrant Report with Bar Chart</title><description>This action sequence executes a SQL query and then dynamically builds a ReportSpec object model which is used to generate a JFreeReport definition with a Chart.  The report definition is passed to JFreeReport and a formatted report is generated.</description><author>Michael D'Amour</author><icon>JFree-quadrant-budget-hsql.png</icon><properties>subscribable=false</properties></file></file></file></files>